>>> Starting Agent Boot Sequence...
[1/6] Checking User Account               [OK]
   ... Running as service user 'agent-dev' (uid=1000)
[2/6] Verifying Environment Variables     [OK]
   ... All required Envs correct
[3/6] Checking Required Files             [OK]
   ... Verified 'secret.key' with correct key string.
[4/6] Checking Port Availability          [OK]
   ... Port 15034 is available.
[5/6] Verifying Log Permission            [OK]
   ... Log directory is writable: /var/log/agent-app
[6/6] Verifying Mission Environment       [OK]
   ... MEMORY_LIMIT=512MB, CPU_MAX_OCCUPY=100%, MULTI_THREAD_ENABLE=False
------------------------------------------------------------
All Boot Checks Passed!
Agent READY
2026-09-28 16:43:44,073 [INFO] [SafetyGuard] Process priority lowered (nice=10).
2026-09-28 16:43:44,073 [INFO] Agent listening at port 15034

==================================================
 [ Agent Initiate ] Resource Check 
==================================================
 [ MEMORY ] Limit: 512MB 		[ OK ]
 [ CPU    ] Limit: 100%  		[ WARNING: Recommend Under 50% ]
 [ THREAD ] Concurrency: False 		[ OK ]
--------------------------------------------------
 >>> SYSTEM STATUS: STABLE. STARTING WORKLOAD MONITORING...
==================================================

2026-09-28 16:43:46,084 [INFO] [CpuWorker] Started. Maximum CPU Limit: 100%
2026-09-28 16:43:46,085 [INFO] [CpuWorker] Current Load: 5.00%
2026-09-28 16:43:49,216 [INFO] [CpuWorker] Current Load: 11.51%
2026-09-28 16:43:52,341 [INFO] [CpuWorker] Current Load: 19.56%
2026-09-28 16:43:55,472 [INFO] [CpuWorker] Current Load: 25.35%
2026-09-28 16:43:58,603 [INFO] [CpuWorker] Current Load: 26.94%
2026-09-28 16:44:01,727 [INFO] [CpuWorker] Current Load: 27.95%
2026-09-28 16:44:04,859 [INFO] [CpuWorker] Current Load: 30.56%
2026-09-28 16:44:07,987 [INFO] [CpuWorker] Current Load: 32.78%
2026-09-28 16:44:11,113 [INFO] [CpuWorker] Current Load: 36.44%
2026-09-28 16:44:14,244 [INFO] [CpuWorker] Current Load: 39.80%
2026-09-28 16:44:17,372 [INFO] [CpuWorker] Current Load: 46.33%
2026-09-28 16:44:20,498 [INFO] [CpuWorker] Current Load: 55.15%
2026-09-28 16:44:20,605 [CRITICAL] [CpuWorker] CPU Threshold Violated! (55.15%).
