>>> Starting Agent Boot Sequence...
[1/6] Checking User Account               [OK]
   ... Running as service user 'agent-dev' (uid=1000)
[2/6] Verifying Environment Variables     [OK]
   ... All required Envs correct
[3/6] Checking Required Files             [OK]
   ... Verified 'secret.key' with correct key string.
[4/6] Checking Port Availability          [OK]
   ... Port 15034 is available.
[5/6] Verifying Log Permission            [OK]
   ... Log directory is writable: /var/log/agent-app
[6/6] Verifying Mission Environment       [OK]
   ... MEMORY_LIMIT=512MB, CPU_MAX_OCCUPY=10%, MULTI_THREAD_ENABLE=False
------------------------------------------------------------
All Boot Checks Passed!
Agent READY
2026-09-28 16:46:07,930 [INFO] [SafetyGuard] Process priority lowered (nice=10).
2026-09-28 16:46:07,930 [INFO] Agent listening at port 15034

==================================================
 [ Agent Initiate ] Resource Check 
==================================================
 [ MEMORY ] Limit: 512MB 		[ OK ]
 [ CPU    ] Limit: 10%  		[ OK ]
 [ THREAD ] Concurrency: False 		[ OK ]
--------------------------------------------------
 >>> SYSTEM STATUS: STABLE. STARTING WORKLOAD MONITORING...
==================================================

2026-09-28 16:46:09,942 [INFO] >>> Scenario Selected: [Healthy System Monitoring]

>>> [SYSTEM] ALL CONFIGURATIONS OPTIMAL. RUNNING STABILITY TEST... <<<

2026-09-28 16:46:09,943 [INFO] [Scheduler] Task Scheduler Initialized.
2026-09-28 16:46:09,944 [INFO] [Scheduler] Registered Tasks: ['Thread-A', 'Thread-B', 'Thread-C']
2026-09-28 16:46:09,944 [INFO] [Scheduler] Starting task execution...
2026-09-28 16:46:09,944 [INFO] [Thread-A] Task Started. Calculating... (20%)
2026-09-28 16:46:09,999 [INFO] [Thread-A] Calculating... (40%)
2026-09-28 16:46:10,054 [INFO] [Thread-A] Preempted. Progress saved at (40%)
2026-09-28 16:46:10,107 [INFO] [Thread-B] Task Started. Calculating... (20%)
2026-09-28 16:46:10,162 [INFO] [Thread-B] Calculating... (40%)
2026-09-28 16:46:10,215 [INFO] [Thread-B] Preempted. Progress saved at (40%)
2026-09-28 16:46:10,267 [INFO] [Thread-C] Task Started. Calculating... (20%)
2026-09-28 16:46:10,323 [INFO] [Thread-C] Calculating... (40%)
2026-09-28 16:46:10,379 [INFO] [Thread-C] Preempted. Progress saved at (40%)
2026-09-28 16:46:10,435 [INFO] [Thread-A] Resumed. Calculating... (60%)
2026-09-28 16:46:10,489 [INFO] [Thread-A] Calculating... (80%)
2026-09-28 16:46:10,545 [INFO] [Thread-A] Preempted. Progress saved at (80%)
2026-09-28 16:46:10,601 [INFO] [Thread-B] Resumed. Calculating... (60%)
2026-09-28 16:46:10,656 [INFO] [Thread-B] Calculating... (80%)
2026-09-28 16:46:10,712 [INFO] [Thread-B] Preempted. Progress saved at (80%)
2026-09-28 16:46:10,768 [INFO] [Thread-C] Resumed. Calculating... (60%)
2026-09-28 16:46:10,823 [INFO] [Thread-C] Calculating... (80%)
2026-09-28 16:46:10,879 [INFO] [Thread-C] Preempted. Progress saved at (80%)
2026-09-28 16:46:10,935 [INFO] [Thread-A] Resumed. Calculating... (100%)
2026-09-28 16:46:10,991 [INFO] [Thread-B] Resumed. Calculating... (100%)
2026-09-28 16:46:11,042 [INFO] [Thread-C] Resumed. Calculating... (100%)
2026-09-28 16:46:11,098 [INFO] [Scheduler] All tasks completed.
2026-09-28 16:46:11,110 [INFO] [MemoryWorker] Current Heap: 25MB
2026-09-28 16:46:11,110 [INFO] [CpuWorker] Started. Maximum CPU Limit: 10%
2026-09-28 16:46:11,110 [INFO] [CpuWorker] Current Load: 5.00%
2026-09-28 16:46:14,140 [INFO] [MemoryWorker] Current Heap: 50MB
2026-09-28 16:46:14,235 [INFO] [CpuWorker] Current Load: 6.75%
2026-09-28 16:46:17,168 [INFO] [MemoryWorker] Current Heap: 75MB
2026-09-28 16:46:17,366 [INFO] [CpuWorker] Current Load: 8.56%
2026-09-28 16:46:19,488 [INFO] [CpuWorker] Peak reached (10.00%). Starting cooldown...
2026-09-28 16:46:20,195 [INFO] [MemoryWorker] Current Heap: 100MB
2026-09-28 16:46:20,498 [INFO] [CpuWorker] Current Load: 10.00%
2026-09-28 16:46:23,226 [INFO] [MemoryWorker] Current Heap: 125MB
2026-09-28 16:46:23,623 [INFO] [CpuWorker] Current Load: 8.22%
2026-09-28 16:46:25,741 [INFO] [CpuWorker] Cooldown complete (5.00%). Resuming load increase...
2026-09-28 16:46:26,253 [INFO] [MemoryWorker] Current Heap: 150MB
2026-09-28 16:46:26,748 [INFO] [CpuWorker] Current Load: 5.00%
2026-09-28 16:46:28,865 [INFO] [CpuWorker] Peak reached (10.00%). Starting cooldown...
2026-09-28 16:46:29,282 [INFO] [MemoryWorker] Current Heap: 175MB
2026-09-28 16:46:29,872 [INFO] [CpuWorker] Current Load: 10.00%
2026-09-28 16:46:32,312 [INFO] [MemoryWorker] Current Heap: 200MB
2026-09-28 16:46:33,003 [INFO] [CpuWorker] Current Load: 6.68%
2026-09-28 16:46:35,121 [INFO] [CpuWorker] Cooldown complete (5.00%). Resuming load increase...
2026-09-28 16:46:35,340 [INFO] [MemoryWorker] Current Heap: 225MB
2026-09-28 16:46:36,127 [INFO] [CpuWorker] Current Load: 5.00%
2026-09-28 16:46:38,364 [INFO] [MemoryWorker] Current Heap: 250MB
2026-09-28 16:46:39,257 [INFO] [CpuWorker] Current Load: 7.01%
2026-09-28 16:46:41,393 [INFO] [MemoryWorker] Current Heap: 275MB
2026-09-28 16:46:42,385 [INFO] [CpuWorker] Current Load: 7.46%
2026-09-28 16:46:44,424 [INFO] [MemoryWorker] Current Heap: 300MB
2026-09-28 16:46:44,501 [INFO] [CpuWorker] Peak reached (10.00%). Starting cooldown...
2026-09-28 16:46:45,511 [INFO] [CpuWorker] Current Load: 10.00%
2026-09-28 16:46:47,455 [INFO] [MemoryWorker] Current Heap: 325MB
2026-09-28 16:46:47,630 [INFO] [CpuWorker] Cooldown complete (5.00%). Resuming load increase...
2026-09-28 16:46:48,641 [INFO] [CpuWorker] Current Load: 5.00%
2026-09-28 16:46:50,484 [INFO] [MemoryWorker] Current Heap: 350MB
2026-09-28 16:46:50,759 [INFO] [CpuWorker] Peak reached (10.00%). Starting cooldown...
2026-09-28 16:46:51,770 [INFO] [CpuWorker] Current Load: 10.00%
2026-09-28 16:46:53,515 [INFO] [MemoryWorker] Current Heap: 375MB
2026-09-28 16:46:53,891 [INFO] [CpuWorker] Cooldown complete (5.00%). Resuming load increase...
2026-09-28 16:46:54,898 [INFO] [CpuWorker] Current Load: 5.00%
